Microchip MPLAB XC8 Compiler V1.33 ()

Linker command line:

--edf=C:\Program Files (x86)\Microchip\xc8\v1.33\dat\en_msgs.txt -cs \
  -h+dist/default/production\stab.X.production.sym \
  --cmf=dist/default/production\stab.X.production.cmf -z -Q12F675 \
  -oC:\Users\adm\AppData\Local\Temp\s3ps.6 \
  -Mdist/default/production/stab.X.production.map -E1 -ver=XC8 \
  -ASTACK=041h-05dh -pstack=STACK -ACONST=00h-0FFhx3,0300h-03FEh \
  -ACODE=00h-03FEh -ASTRCODE=00h-03FEh -AENTRY=00h-0FFhx3,0300h-03FEh \
  -ASTRING=00h-0FFhx3,0300h-03FEh -ABANK0=020h-05Dh -ARAM=020h-05Dh \
  -AABS1=020h-05Fh -ACOMMON=05Eh-05Fh -ASFR0=00h-01Fh -ASFR1=080h-0DDh \
  -preset_vec=00h,intentry=04h,init,end_init -ppowerup=CODE -pcinit=CODE \
  -pfunctab=CODE -ACONFIG=02007h-02007h -pconfig=CONFIG -DCONFIG=2 \
  -AIDLOC=02000h-02003h -pidloc=IDLOC -DIDLOC=2 -AEEDATA=00h-07Fh/02100h \
  -peeprom_data=EEDATA -DEEDATA=2 -posccal=03FFh -DCODE=2 -DSTRCODE=2 \
  -DSTRING=2 -DCONST=2 -DENTRY=2 -k \
  C:\Users\adm\AppData\Local\Temp\s3ps.obj \
  dist/default/production\stab.X.production.obj 

Object code version is 3.11

Machine type is 12F675



                Name                               Link     Load   Length Selector   Space Scale
C:\Users\adm\AppData\Local\Temp\s3ps.obj
                end_init                              B        B        1        8       0
                reset_vec                             0        0        1        0       0
                config                             2007     2007        1     400E       0
dist/default/production\stab.X.production.obj
                cinit                                 C        C        7        8       0
                intentry                              4        4        7        8       0
                text5                               10A      10A       72        8       0
                text4                               17C      17C       2A        8       0
                text3                               1A6      1A6       1C        8       0
                text2                               1D7      1D7        C        8       0
                text1                               1C2      1C2       15        8       0
                maintext                             13       13       F7        8       0
                cstackBANK0                          35       35        B       20       1
                clrtext                             1E3      1E3        8        8       0
                bssBANK0                             20       20       15       20       1
                nvBANK0                              40       40        1       20       1

TOTAL           Name                               Link     Load   Length     Space
        CLASS   STACK          

        CLASS   CONST          

        CLASS   CODE           
                end_init                              B        B        1         0
                cinit                                 C        C        7         0
                intentry                              4        4        7         0
                reset_vec                             0        0        1         0
                text5                               10A      10A       72         0
                text4                               17C      17C       2A         0
                text3                               1A6      1A6       1C         0
                text2                               1D7      1D7        C         0
                text1                               1C2      1C2       15         0
                maintext                             13       13       F7         0
                clrtext                             1E3      1E3        8         0

        CLASS   STRCODE        

        CLASS   ENTRY          

        CLASS   STRING         

        CLASS   BANK0          
                cstackBANK0                          35       35        B         1
                bssBANK0                             20       20       15         1
                nvBANK0                              40       40        1         1

        CLASS   RAM            

        CLASS   ABS1           
                abs_s1                               5E       5E        2         1

        CLASS   COMMON         

        CLASS   SFR0           

        CLASS   SFR1           

        CLASS   CONFIG         
                config                             2007     2007        1         0

        CLASS   IDLOC          

        CLASS   EEDATA         

        CLASS   BANK1          



SEGMENTS        Name                           Load    Length   Top    Selector   Space  Class     Delta

                reset_vec                      000000  000001  000001         0       0  CODE        2
                intentry                       000004  0001E7  0001EB         8       0  CODE        2
                bssBANK0                       000020  000021  000041        20       1  BANK0       1
                config                         002007  000001  002008      400E       0  CONFIG      2


UNUSED ADDRESS RANGES

        Name                Unused          Largest block    Delta
        BANK0            0041-005D             1D           1
        CODE             0001-0003              3           2
                         01EB-03FE            214
        CONST            0001-0003              3           2
                         01EB-03FE            100
        EEDATA           2100-217F             80           2
        ENTRY            0001-0003              3           2
                         01EB-03FE            100
        IDLOC            2000-2003              4           2
        RAM              0041-005D             1D           1
        SFR0             0000-001F             20           1
        SFR1             0080-00DD             5E           1
        STACK            0041-005D             1D           1
        STRCODE          0001-0003              3           2
                         01EB-03FE            214
        STRING           0001-0003              3           2
                         01EB-03FE            100

                                  Symbol Table

?___lwdiv                cstackBANK0  0037
PL2                      maintext     00ED
PL4                      maintext     00FD
PL6                      maintext     0104
_ADCON0                  (abs)        001F
_ADIF                    (abs)        0066
_ADRESH                  (abs)        001E
_ADRESL                  (abs)        009E
_ANSEL                   (abs)        009F
_CARRY                   (abs)        0018
_CMCON                   (abs)        0019
_EEADR                   (abs)        009B
_EECON1                  (abs)        009C
_EECON2                  (abs)        009D
_EEDATA                  (abs)        009A
_GIE                     (abs)        005F
_GO_nDONE                (abs)        00F9
_GP1                     (abs)        0029
_GP2                     (abs)        002A
_GP3                     (abs)        002B
_GP4                     (abs)        002C
_GP5                     (abs)        002D
_GPIO                    (abs)        0005
_INTCON                  (abs)        000B
_OPTION_REG              (abs)        0081
_PIE1                    (abs)        008C
_RD                      (abs)        04E0
_T0IF                    (abs)        005A
_TRISIO                  (abs)        0085
_WR                      (abs)        04E1
_WREN                    (abs)        04E2
__CFG_BOREN$ON           (abs)        0000
__CFG_CP$OFF             (abs)        0000
__CFG_CPD$OFF            (abs)        0000
__CFG_FOSC$INTRCIO       (abs)        0000
__CFG_MCLRE$OFF          (abs)        0000
__CFG_PWRTE$OFF          (abs)        0000
__CFG_WDTE$OFF           (abs)        0000
__Habs1                  abs1         07FE
__Hbank0                 bank0        07FE
__Hbank1                 bank1        07FE
__HbssBANK0              bssBANK0     07FE
__Hcinit                 cinit        0013
__Hclrtext               clrtext      07FE
__Hcode                  code         07FE
__Hcommon                common       07FE
__Hconfig                config       2008
__HcstackBANK0           cstackBANK0  07FE
__HcstackCOMMON          cstackCOMMON 07FE
__Heeprom_data           eeprom_data  0000
__Hend_init              end_init     000C
__Hfunctab               functab      0000
__Hidloc                 idloc        0000
__Hinit                  init         000B
__Hintentry              intentry     000B
__Hmaintext              maintext     07FE
__HnvBANK0               nvBANK0      07FE
__Hosccal                osccal       03FF
__Hpa_nodes              pa_nodes     07FE
__Hpowerup               powerup      0000
__Hram                   ram          07FE
__Hreset_vec             reset_vec    0001
__Hsfr0                  sfr0         07FE
__Hsfr1                  sfr1         07FE
__Hspace_0               (abs)        2008
__Hspace_1               (abs)        07FE
__Hspace_2               (abs)        0000
__Hspace_3               (abs)        0000
__Hstack                 stack        0000
__Hstrings               strings      07FE
__Htext                  text         07FE
__Labs1                  abs1         07FE
__Lbank0                 bank0        07FE
__Lbank1                 bank1        07FE
__LbssBANK0              bssBANK0     07FE
__Lcinit                 cinit        000C
__Lclrtext               clrtext      07FE
__Lcode                  code         07FE
__Lcommon                common       07FE
__Lconfig                config       2007
__LcstackBANK0           cstackBANK0  07FE
__LcstackCOMMON          cstackCOMMON 07FE
__Leeprom_data           eeprom_data  0000
__Lend_init              end_init     000B
__Lfunctab               functab      0000
__Lidloc                 idloc        0000
__Linit                  init         000B
__Lintentry              intentry     0004
__Lmaintext              maintext     07FE
__LnvBANK0               nvBANK0      07FE
__Losccal                osccal       03FF
__Lpa_nodes              pa_nodes     07FE
__Lpowerup               powerup      0000
__Lram                   ram          07FE
__Lreset_vec             reset_vec    0000
__Lsfr0                  sfr0         07FE
__Lsfr1                  sfr1         07FE
__Lspace_0               (abs)        0000
__Lspace_1               (abs)        0000
__Lspace_2               (abs)        0000
__Lspace_3               (abs)        0000
__Lstack                 stack        0000
__Lstrings               strings      07FE
__Ltext                  text         07FE
__S0                     (abs)        2008
__S1                     (abs)        0041
__S2                     (abs)        0000
__S3                     (abs)        0000
___int_sp                stack        0000
___latbits               (abs)        0000
___lwdiv                 text4        017C
___lwdiv@counter         cstackBANK0  003D
___lwdiv@dividend        cstackBANK0  0039
___lwdiv@divisor         cstackBANK0  0037
___lwdiv@quotient        cstackBANK0  003B
___osccal_val            osccal       03FF
___sp                    stack        0000
__end_ofPL2              maintext     00FD
__end_ofPL4              maintext     0104
__end_ofPL6              maintext     010A
__end_of___lwdiv         text4        01A6
__end_of__initialization cinit        0011
__end_of_button_action   text2        01E3
__end_of_eeprom_read     text1        01D7
__end_of_eeprom_write    text3        01C2
__end_of_high_isr        text5        017C
__end_of_main            maintext     00ED
__initialization         cinit        000C
__pbssBANK0              bssBANK0     0020
__pcstackBANK0           cstackBANK0  0035
__pcstackCOMMON          cstackCOMMON 0000
__pintentry              intentry     0004
__pmaintext              maintext     0013
__pnvBANK0               nvBANK0      0040
__ptext1                 text1        01C2
__ptext2                 text2        01D7
__ptext3                 text3        01A6
__ptext4                 text4        017C
__ptext5                 text5        010A
__size_of___lwdiv        (abs)        0000
__size_of_button_action  (abs)        0000
__size_of_eeprom_read    (abs)        0000
__size_of_eeprom_write   (abs)        0000
__size_of_high_isr       (abs)        0000
__size_of_main           (abs)        0000
_adc_counter             bssBANK0     002C
_adc_flag                bssBANK0     002D
_btn_counter             bssBANK0     002E
_btn_flag                bssBANK0     002F
_btn_release             bssBANK0     0030
_button_action           text2        01D7
_eeprom_read             text1        01C2
_eeprom_write            text3        01A6
_high_isr                text5        010A
_led_flash               bssBANK0     0031
_led_flash_set           nvBANK0      0040
_main                    maintext     0013
_main_counter            bssBANK0     0020
_measure                 bssBANK0     0022
_measure_counter         bssBANK0     0032
_milisec                 bssBANK0     0024
_reg_on_flag             bssBANK0     0033
_start_flag              bssBANK0     0034
_volt                    bssBANK0     0026
_volt_average            bssBANK0     0028
_volt_set                bssBANK0     002A
btemp                    (abs)        005E
clear_ram0               clrtext      01E3
eeprom_read@addr         cstackBANK0  0037
eeprom_write@addr        cstackBANK0  0038
eeprom_write@value       cstackBANK0  0037
end_of_initialization    cinit        0011
interrupt_function       intentry     0004
intlevel0                functab      0000
intlevel1                functab      0000
intlevel2                functab      0000
intlevel3                functab      0000
intlevel4                functab      0000
intlevel5                functab      0000
ltemp                    (abs)        005E
ltemp0                   (abs)        005E
ltemp1                   (abs)        0062
ltemp2                   (abs)        0066
ltemp3                   (abs)        0060
reset_vec                reset_vec    0000
saved_w                  (abs)        005E
stackhi                  (abs)        0000
stacklo                  (abs)        0000
start                    init         000B
start_initialization     cinit        000C
ttemp                    (abs)        005E
ttemp0                   (abs)        005E
ttemp1                   (abs)        0061
ttemp2                   (abs)        0064
ttemp3                   (abs)        0067
ttemp4                   (abs)        005F
wtemp                    (abs)        005E
wtemp0                   (abs)        005E
wtemp1                   (abs)        0060
wtemp2                   (abs)        0062
wtemp3                   (abs)        0064
wtemp4                   (abs)        0066
wtemp5                   (abs)        0068
wtemp6                   (abs)        005F


FUNCTION INFORMATION:

 *************** function _main *****************
 Defined at:
		line 69 in file "main.c"
 Parameters:    Size  Location     Type
		None
 Auto vars:     Size  Location     Type
		None
 Return value:  Size  Location     Type
                  2  131[BANK0 ] int 
 Registers used:
		wreg, status,2, status,0, pclath, cstack
 Tracked objects:
		On entry : 
		On exit  : 
		Unchanged: 
 Data sizes:     COMMON   BANK0
      Params:         0       0
      Locals:         0       0
      Temps:          0       2
      Totals:         0       2
Total ram usage:        2 bytes
 Hardware stack levels required when called:    3
 This function calls:
		___lwdiv
		_button_action
		_eeprom_read
 This function is called by:
		Startup code after reset
 This function uses a non-reentrant model


 *************** function _eeprom_read *****************
 Defined at:
		line 6 in file "eeread.c"
 Parameters:    Size  Location     Type
  addr            1    wreg     unsigned char 
 Auto vars:     Size  Location     Type
  addr            1    2[BANK0 ] unsigned char 
 Return value:  Size  Location     Type
                  1    wreg      unsigned char 
 Registers used:
		wreg, status,2, status,0
 Tracked objects:
		On entry : 
		On exit  : 
		Unchanged: 
 Data sizes:     COMMON   BANK0
      Params:         0       0
      Locals:         0       1
      Temps:          0       0
      Totals:         0       1
Total ram usage:        1 bytes
 Hardware stack levels used:    1
 Hardware stack levels required when called:    1
 This function calls:
		Nothing
 This function is called by:
		_main
 This function uses a non-reentrant model


 *************** function _button_action *****************
 Defined at:
		line 171 in file "main.c"
 Parameters:    Size  Location     Type
		None
 Auto vars:     Size  Location     Type
		None
 Return value:  Size  Location     Type
		None               void
 Registers used:
		wreg, status,2, status,0, pclath, cstack
 Tracked objects:
		On entry : 
		On exit  : 
		Unchanged: 
 Data sizes:     COMMON   BANK0
      Params:         0       0
      Locals:         0       0
      Temps:          0       0
      Totals:         0       0
Total ram usage:        0 bytes
 Hardware stack levels used:    1
 Hardware stack levels required when called:    2
 This function calls:
		_eeprom_write
 This function is called by:
		_main
 This function uses a non-reentrant model


 *************** function _eeprom_write *****************
 Defined at:
		line 6 in file "eewrite.c"
 Parameters:    Size  Location     Type
  addr            1    wreg     unsigned char 
  value           1    2[BANK0 ] unsigned char 
 Auto vars:     Size  Location     Type
  addr            1    3[BANK0 ] unsigned char 
 Return value:  Size  Location     Type
		None               void
 Registers used:
		wreg, status,2, status,0
 Tracked objects:
		On entry : 
		On exit  : 
		Unchanged: 
 Data sizes:     COMMON   BANK0
      Params:         0       1
      Locals:         0       1
      Temps:          0       0
      Totals:         0       2
Total ram usage:        2 bytes
 Hardware stack levels used:    1
 Hardware stack levels required when called:    1
 This function calls:
		Nothing
 This function is called by:
		_button_action
 This function uses a non-reentrant model


 *************** function ___lwdiv *****************
 Defined at:
		line 6 in file "C:\Program Files (x86)\Microchip\xc8\v1.33\sources\common\lwdiv.c"
 Parameters:    Size  Location     Type
  divisor         2    2[BANK0 ] unsigned int 
  dividend        2    4[BANK0 ] unsigned int 
 Auto vars:     Size  Location     Type
  quotient        2    6[BANK0 ] unsigned int 
  counter         1    8[BANK0 ] unsigned char 
 Return value:  Size  Location     Type
                  2    2[BANK0 ] unsigned int 
 Registers used:
		wreg, status,2, status,0
 Tracked objects:
		On entry : 
		On exit  : 
		Unchanged: 
 Data sizes:     COMMON   BANK0
      Params:         0       4
      Locals:         0       3
      Temps:          0       0
      Totals:         0       7
Total ram usage:        7 bytes
 Hardware stack levels used:    1
 Hardware stack levels required when called:    1
 This function calls:
		Nothing
 This function is called by:
		_main
 This function uses a non-reentrant model


 *************** function _high_isr *****************
 Defined at:
		line 183 in file "main.c"
 Parameters:    Size  Location     Type
		None
 Auto vars:     Size  Location     Type
		None
 Return value:  Size  Location     Type
		None               void
 Registers used:
		wreg, status,2, status,0
 Tracked objects:
		On entry : 
		On exit  : 
		Unchanged: 
 Data sizes:     COMMON   BANK0
      Params:         0       0
      Locals:         0       0
      Temps:          0       2
      Totals:         0       2
Total ram usage:        2 bytes
 Hardware stack levels used:    1
 This function calls:
		Nothing
 This function is called by:
		Interrupt level 1
 This function uses a non-reentrant model



MODULE INFORMATION

Module		Function		Class		Link	Load	Size
eewrite.c
		_eeprom_write  		CODE           	01A6	0000	28

eewrite.c estimated size: 28

eeread.c
		_eeprom_read   		CODE           	01C2	0000	21

eeread.c estimated size: 21

C:\Program Files (x86)\Microchip\xc8\v1.33\sources\common\lwdiv.c
		___lwdiv       		CODE           	017C	0000	42

C:\Program Files (x86)\Microchip\xc8\v1.33\sources\common\lwdiv.c estimated size: 42

shared
		__initializatio		CODE           	000C	0000	5
		PL2            		CODE           	00ED	0000	16
		PL4            		CODE           	00FD	0000	7
		PL6            		CODE           	0104	0000	6

shared estimated size: 34

main.c
		_button_action 		CODE           	01D7	0000	12
		_main          		CODE           	0013	0000	218
		_high_isr      		CODE           	010A	0000	114

main.c estimated size: 344

